// Jest Snapshot v1, https://goo.gl/fbAQLP

exports[`renders Task Successfully 1`] = `
<div
  aria-disabled={false}
  className="MuiButtonBase-root MuiListItem-root todo-item__text MuiListItem-gutters MuiListItem-button"
  onBlur={[Function]}
  onDragLeave={[Function]}
  onFocus={[Function]}
  onKeyDown={[Function]}
  onKeyUp={[Function]}
  onMouseDown={[Function]}
  onMouseLeave={[Function]}
  onMouseUp={[Function]}
  onTouchEnd={[Function]}
  onTouchMove={[Function]}
  onTouchStart={[Function]}
  role="button"
  tabIndex={0}
>
  <div
    className="MuiListItemText-root"
  >
    <span
      className="MuiTypography-root MuiListItemText-primary MuiTypography-body1 MuiTypography-displayBlock"
    >
      cook Meal
    </span>
  </div>
  <svg
    aria-hidden={true}
    className="MuiSvgIcon-root"
    focusable="false"
    onClick={[Function]}
    viewBox="0 0 24 24"
  >
    <path
      d="M3 17.46v3.04c0 .28.22.5.5.5h3.04c.13 0 .26-.05.35-.15L17.81 9.94l-3.75-3.75L3.15 17.1c-.1.1-.15.22-.15.36zM20.71 7.04c.39-.39.39-1.02 0-1.41l-2.34-2.34a.9959.9959 0 00-1.41 0l-1.83 1.83 3.75 3.75 1.83-1.83z"
    />
  </svg>
  <svg
    aria-hidden={true}
    className="MuiSvgIcon-root"
    focusable="false"
    onClick={[Function]}
    viewBox="0 0 24 24"
  >
    <path
      d="M6 19c0 1.1.9 2 2 2h8c1.1 0 2-.9 2-2V7H6v12zM19 4h-3.5l-1-1h-5l-1 1H5v2h14V4z"
    />
  </svg>
</div>
`;
