// Jest Snapshot v1, https://goo.gl/fbAQLP

exports[`renders UpdateTaskModal Successfully 1`] = `null`;
