// Jest Snapshot v1, https://goo.gl/fbAQLP

exports[`renders VisibilityFilter Successfully 1`] = `
<div
  className="MuiPaper-root MuiPaper-elevation1"
>
  <div
    className="MuiTabs-root"
  >
    <div
      className="MuiTabs-scroller MuiTabs-fixed"
      onScroll={[Function]}
      style={
        Object {
          "marginBottom": null,
          "overflow": "hidden",
        }
      }
    >
      <div
        className="MuiTabs-flexContainer"
        onKeyDown={[Function]}
        role="tablist"
      >
        <button
          aria-selected={false}
          className="MuiButtonBase-root MuiTab-root MuiTab-textColorPrimary"
          disabled={false}
          onBlur={[Function]}
          onClick={[Function]}
          onDragLeave={[Function]}
          onFocus={[Function]}
          onKeyDown={[Function]}
          onKeyUp={[Function]}
          onMouseDown={[Function]}
          onMouseLeave={[Function]}
          onMouseUp={[Function]}
          onTouchEnd={[Function]}
          onTouchMove={[Function]}
          onTouchStart={[Function]}
          role="tab"
          tabIndex={-1}
          type="button"
        >
          <span
            className="MuiTab-wrapper"
          >
            ALL
          </span>
        </button>
        <button
          aria-selected={false}
          className="MuiButtonBase-root MuiTab-root MuiTab-textColorPrimary"
          disabled={false}
          onBlur={[Function]}
          onClick={[Function]}
          onDragLeave={[Function]}
          onFocus={[Function]}
          onKeyDown={[Function]}
          onKeyUp={[Function]}
          onMouseDown={[Function]}
          onMouseLeave={[Function]}
          onMouseUp={[Function]}
          onTouchEnd={[Function]}
          onTouchMove={[Function]}
          onTouchStart={[Function]}
          role="tab"
          tabIndex={-1}
          type="button"
        >
          <span
            className="MuiTab-wrapper"
          >
            COMPLETED
          </span>
        </button>
        <button
          aria-selected={false}
          className="MuiButtonBase-root MuiTab-root MuiTab-textColorPrimary"
          disabled={false}
          onBlur={[Function]}
          onClick={[Function]}
          onDragLeave={[Function]}
          onFocus={[Function]}
          onKeyDown={[Function]}
          onKeyUp={[Function]}
          onMouseDown={[Function]}
          onMouseLeave={[Function]}
          onMouseUp={[Function]}
          onTouchEnd={[Function]}
          onTouchMove={[Function]}
          onTouchStart={[Function]}
          role="tab"
          tabIndex={-1}
          type="button"
        >
          <span
            className="MuiTab-wrapper"
          >
            INCOMPLETE
          </span>
        </button>
      </div>
    </div>
  </div>
</div>
`;
